
Map of Debug\stm8_vusb.sm8 from link file Debug\stm8_vusb.lkf - Fri Nov 24 15:06:05 2017


                               --------
                               Segments
                               --------

start 00008080 end 0000819b length   283 segment .utext
start 0000819b end 00008304 length   361 segment .const
start 0000831a end 00009740 length  5158 segment .text
start 00004000 end 00004000 length     0 segment .eeprom
start 00000000 end 0000000e length    14 segment .bsct, initialized
start 0000830c end 0000831a length    14 segment .bsct, from
start 0000000e end 000000b4 length   166 segment .ubsct
start 000000b4 end 000000b4 length     0 segment .bit
start 000000b4 end 000000b4 length     0 segment .share
start 00000100 end 00000100 length     0 segment .data
start 00000100 end 00000100 length     0 segment .bss
start 00000000 end 00000af2 length  2802 segment .info.
start 00000000 end 0000bcd8 length 48344 segment .debug
start 00008000 end 00008080 length   128 segment .const
start 00008304 end 0000830c length     8 segment .init


                               -------
                               Modules
                               -------

C:\Program Files (x86)\COSMIC\FSE_Compilers\CXSTM8\lib\crtsi0.sm8:
start 0000831a end 0000836a length    80 section .text
start 00000100 end 00000100 length     0 section .bss
start 0000000e end 0000000e length     0 section .ubsct
start 00000000 end 00000034 length    52 section .info.

Debug\stm8s_clk.o:
start 00000000 end 0000166f length  5743 section .debug
start 00000034 end 000000d4 length   160 section .info.
start ******** end ******** length     0 section .const *** removed ***
start ******** end ******** length     0 section .text *** removed ***
start ******** end ******** length     0 section .text *** removed ***
start ******** end ******** length     0 section .text *** removed ***
start ******** end ******** length     0 section .text *** removed ***
start ******** end ******** length     0 section .text *** removed ***
start ******** end ******** length     0 section .text *** removed ***
start ******** end ******** length     0 section .text *** removed ***
start ******** end ******** length     0 section .text *** removed ***
start 0000836a end 000083c4 length    90 section .text
start ******** end ******** length     0 section .text *** removed ***
start ******** end ******** length     0 section .text *** removed ***
start ******** end ******** length     0 section .text *** removed ***
start ******** end ******** length     0 section .text *** removed ***
start ******** end ******** length     0 section .text *** removed ***
start ******** end ******** length     0 section .text *** removed ***
start ******** end ******** length     0 section .text *** removed ***
start ******** end ******** length     0 section .text *** removed ***
start ******** end ******** length     0 section .text *** removed ***
start ******** end ******** length     0 section .text *** removed ***
start ******** end ******** length     0 section .text *** removed ***
start ******** end ******** length     0 section .text *** removed ***
start ******** end ******** length     0 section .text *** removed ***
start ******** end ******** length     0 section .text *** removed ***

Debug\stm8s_flash.o:
start 0000166f end 0000244e length  3551 section .debug
start 000000d4 end 00000176 length   162 section .info.
start 000083c4 end 000083da length    22 section .text
start 000083da end 000083e1 length     7 section .text
start ******** end ******** length     0 section .text *** removed ***
start ******** end ******** length     0 section .text *** removed ***
start ******** end ******** length     0 section .text *** removed ***
start ******** end ******** length     0 section .text *** removed ***
start ******** end ******** length     0 section .text *** removed ***
start ******** end ******** length     0 section .text *** removed ***
start ******** end ******** length     0 section .text *** removed ***
start ******** end ******** length     0 section .text *** removed ***
start ******** end ******** length     0 section .text *** removed ***
start ******** end ******** length     0 section .text *** removed ***
start ******** end ******** length     0 section .text *** removed ***
start ******** end ******** length     0 section .text *** removed ***
start ******** end ******** length     0 section .text *** removed ***
start ******** end ******** length     0 section .text *** removed ***
start ******** end ******** length     0 section .text *** removed ***
start 000083e1 end 00008405 length    36 section .text
start ******** end ******** length     0 section .text *** removed ***
start ******** end ******** length     0 section .text *** removed ***

Debug\stm8s_gpio.o:
start 0000244e end 00002e58 length  2570 section .debug
start 00000176 end 00000217 length   161 section .info.
start 00008405 end 0000840d length     8 section .text
start 0000840d end 0000845e length    81 section .text
start ******** end ******** length     0 section .text *** removed ***
start 0000845e end 00008463 length     5 section .text
start 00008463 end 00008469 length     6 section .text
start ******** end ******** length     0 section .text *** removed ***
start ******** end ******** length     0 section .text *** removed ***
start ******** end ******** length     0 section .text *** removed ***
start 00008469 end 0000846e length     5 section .text
start ******** end ******** length     0 section .text *** removed ***

Debug\stm8s_tim1.o:
start 00002e58 end 00006de2 length 16266 section .debug
start 00000217 end 000002b8 length   161 section .info.
start ******** end ******** length     0 section .text *** removed ***
start 0000846e end 00008490 length    34 section .text
start ******** end ******** length     0 section .text *** removed ***
start ******** end ******** length     0 section .text *** removed ***
start ******** end ******** length     0 section .text *** removed ***
start ******** end ******** length     0 section .text *** removed ***
start ******** end ******** length     0 section .text *** removed ***
start 00008490 end 000084ef length    95 section .text
start ******** end ******** length     0 section .text *** removed ***
start ******** end ******** length     0 section .text *** removed ***
start ******** end ******** length     0 section .text *** removed ***
start 000084ef end 00008505 length    22 section .text
start ******** end ******** length     0 section .text *** removed ***
start ******** end ******** length     0 section .text *** removed ***
start ******** end ******** length     0 section .text *** removed ***
start ******** end ******** length     0 section .text *** removed ***
start ******** end ******** length     0 section .text *** removed ***
start 00008505 end 00008512 length    13 section .text
start ******** end ******** length     0 section .text *** removed ***
start ******** end ******** length     0 section .text *** removed ***
start ******** end ******** length     0 section .text *** removed ***
start ******** end ******** length     0 section .text *** removed ***
start ******** end ******** length     0 section .text *** removed ***
start 00008512 end 0000851f length    13 section .text
start ******** end ******** length     0 section .text *** removed ***
start ******** end ******** length     0 section .text *** removed ***
start ******** end ******** length     0 section .text *** removed ***
start ******** end ******** length     0 section .text *** removed ***
start ******** end ******** length     0 section .text *** removed ***
start ******** end ******** length     0 section .text *** removed ***
start ******** end ******** length     0 section .text *** removed ***
start ******** end ******** length     0 section .text *** removed ***
start ******** end ******** length     0 section .text *** removed ***
start ******** end ******** length     0 section .text *** removed ***
start ******** end ******** length     0 section .text *** removed ***
start ******** end ******** length     0 section .text *** removed ***
start ******** end ******** length     0 section .text *** removed ***
start ******** end ******** length     0 section .text *** removed ***
start ******** end ******** length     0 section .text *** removed ***
start ******** end ******** length     0 section .text *** removed ***
start ******** end ******** length     0 section .text *** removed ***
start ******** end ******** length     0 section .text *** removed ***
start ******** end ******** length     0 section .text *** removed ***
start ******** end ******** length     0 section .text *** removed ***
start ******** end ******** length     0 section .text *** removed ***
start ******** end ******** length     0 section .text *** removed ***
start ******** end ******** length     0 section .text *** removed ***
start ******** end ******** length     0 section .text *** removed ***
start ******** end ******** length     0 section .text *** removed ***
start ******** end ******** length     0 section .text *** removed ***
start ******** end ******** length     0 section .text *** removed ***
start ******** end ******** length     0 section .text *** removed ***
start ******** end ******** length     0 section .text *** removed ***
start ******** end ******** length     0 section .text *** removed ***
start ******** end ******** length     0 section .text *** removed ***
start ******** end ******** length     0 section .text *** removed ***
start ******** end ******** length     0 section .text *** removed ***
start ******** end ******** length     0 section .text *** removed ***
start ******** end ******** length     0 section .text *** removed ***
start ******** end ******** length     0 section .text *** removed ***
start 0000851f end 0000852c length    13 section .text
start 0000852c end 00008539 length    13 section .text
start 00008539 end 00008546 length    13 section .text
start 00008546 end 00008553 length    13 section .text
start ******** end ******** length     0 section .text *** removed ***
start ******** end ******** length     0 section .text *** removed ***
start ******** end ******** length     0 section .text *** removed ***
start ******** end ******** length     0 section .text *** removed ***
start ******** end ******** length     0 section .text *** removed ***
start ******** end ******** length     0 section .text *** removed ***
start ******** end ******** length     0 section .text *** removed ***
start 00008553 end 00008563 length    16 section .text
start ******** end ******** length     0 section .text *** removed ***
start ******** end ******** length     0 section .text *** removed ***
start 00008563 end 00008593 length    48 section .text
start 00008593 end 000085c3 length    48 section .text
start 000085c3 end 000085f3 length    48 section .text
start 000085f3 end 00008623 length    48 section .text

Debug\stm8s_tim2.o:
start 00006de2 end 000090f6 length  8980 section .debug
start 000002b8 end 00000359 length   161 section .info.
start 00008623 end 0000867c length    89 section .text
start 0000867c end 0000868a length    14 section .text
start ******** end ******** length     0 section .text *** removed ***
start ******** end ******** length     0 section .text *** removed ***
start ******** end ******** length     0 section .text *** removed ***
start ******** end ******** length     0 section .text *** removed ***
start ******** end ******** length     0 section .text *** removed ***
start 0000868a end 00008697 length    13 section .text
start 00008697 end 000086ad length    22 section .text
start ******** end ******** length     0 section .text *** removed ***
start ******** end ******** length     0 section .text *** removed ***
start ******** end ******** length     0 section .text *** removed ***
start ******** end ******** length     0 section .text *** removed ***
start ******** end ******** length     0 section .text *** removed ***
start ******** end ******** length     0 section .text *** removed ***
start ******** end ******** length     0 section .text *** removed ***
start ******** end ******** length     0 section .text *** removed ***
start ******** end ******** length     0 section .text *** removed ***
start ******** end ******** length     0 section .text *** removed ***
start ******** end ******** length     0 section .text *** removed ***
start ******** end ******** length     0 section .text *** removed ***
start ******** end ******** length     0 section .text *** removed ***
start ******** end ******** length     0 section .text *** removed ***
start ******** end ******** length     0 section .text *** removed ***
start ******** end ******** length     0 section .text *** removed ***
start ******** end ******** length     0 section .text *** removed ***
start ******** end ******** length     0 section .text *** removed ***
start ******** end ******** length     0 section .text *** removed ***
start ******** end ******** length     0 section .text *** removed ***
start ******** end ******** length     0 section .text *** removed ***
start ******** end ******** length     0 section .text *** removed ***
start ******** end ******** length     0 section .text *** removed ***
start ******** end ******** length     0 section .text *** removed ***
start ******** end ******** length     0 section .text *** removed ***
start ******** end ******** length     0 section .text *** removed ***
start ******** end ******** length     0 section .text *** removed ***
start ******** end ******** length     0 section .text *** removed ***
start ******** end ******** length     0 section .text *** removed ***
start ******** end ******** length     0 section .text *** removed ***
start ******** end ******** length     0 section .text *** removed ***
start 000086ad end 000086b7 length    10 section .text
start ******** end ******** length     0 section .text *** removed ***
start ******** end ******** length     0 section .text *** removed ***
start ******** end ******** length     0 section .text *** removed ***
start ******** end ******** length     0 section .text *** removed ***
start ******** end ******** length     0 section .text *** removed ***

Debug\usb.o:
start 00000000 end 00000004 length     4 section .bsct
start 0000000e end 0000006e length    96 section .ubsct
start 000090f6 end 00009d80 length  3210 section .debug
start 00000359 end 000003f3 length   154 section .info.
start 000086b7 end 000086e2 length    43 section .text
start 000086e2 end 00008754 length   114 section .text
start 00008754 end 0000875e length    10 section .text
start 0000875e end 00008768 length    10 section .text
start 0000819b end 000081a1 length     6 section .const
start 00008768 end 000087b0 length    72 section .text
start 000087b0 end 000088fe length   334 section .text
start 000088fe end 0000895f length    97 section .text
start 0000895f end 00008ab9 length   346 section .text
start 00008ab9 end 00008ad6 length    29 section .text
start 00008ad6 end 00008b58 length   130 section .text
start 00008b58 end 00008dc0 length   616 section .text
start 00008dc0 end 00008e50 length   144 section .text

Debug\usb_desc.o:
start 00000004 end 0000000c length     8 section .bsct
start 00009d80 end 00009fc8 length   584 section .debug
start 000003f3 end 00000492 length   159 section .info.
start 000081a1 end 000082e3 length   322 section .const

Debug\usb_rx.o:
start 00009fc8 end 0000a0c9 length   257 section .debug
start 00000492 end 000004ca length    56 section .info.
start 00008080 end 0000819b length   283 section .utext

Debug\usb_tx.o:
start 00008e50 end 00008f7b length   299 section .text
start 0000a0c9 end 0000a32e length   613 section .debug
start 000004ca end 00000502 length    56 section .info.

Debug\init.o:
start 0000a32e end 0000a54b length   541 section .debug
start 00000502 end 0000059d length   155 section .info.
start 00008f7b end 00008f93 length    24 section .text
start 00008f93 end 00008f98 length     5 section .text
start 00008f98 end 00008f9e length     6 section .text
start 00008f9e end 0000905a length   188 section .text
start 0000905a end 0000907e length    36 section .text

Debug\main.o:
start 0000000c end 0000000e length     2 section .bsct
start 0000006e end 00000096 length    40 section .ubsct
start 0000a54b end 0000afe9 length  2718 section .debug
start 0000059d end 00000638 length   155 section .info.
start 0000907e end 000090c7 length    73 section .text
start 000090c7 end 00009169 length   162 section .text
start 00009169 end 0000916a length     1 section .text
start 0000916a end 0000916b length     1 section .text
start 0000916b end 00009339 length   462 section .text
start 00009339 end 00009381 length    72 section .text
start 00009381 end 00009383 length     2 section .text
start 00009383 end 000094d0 length   333 section .text
start 000094d0 end 000094d1 length     1 section .text
start 000094d1 end 0000950f length    62 section .text

Debug\peripheral.o:
start 00000096 end 000000ae length    24 section .ubsct
start 0000afe9 end 0000b5cb length  1506 section .debug
start 00000638 end 000006d9 length   161 section .info.
start 000082e3 end 00008304 length    33 section .const
start 0000950f end 00009539 length    42 section .text
start 00009539 end 00009579 length    64 section .text
start 00009579 end 000095df length   102 section .text
start 000095df end 000096f5 length   278 section .text

Debug\stm8s_it.o:
start 0000b5cb end 0000bbb2 length  1511 section .debug
start 000006d9 end 00000778 length   159 section .info.
start 000096f5 end 000096f6 length     1 section .text
start 000096f6 end 000096f7 length     1 section .text
start 000096f7 end 000096f8 length     1 section .text
start 000096f8 end 000096f9 length     1 section .text
start 000096f9 end 000096fa length     1 section .text
start 000096fa end 000096fb length     1 section .text
start 000096fb end 000096fc length     1 section .text
start 000096fc end 000096fd length     1 section .text
start 000096fd end 000096fe length     1 section .text
start 000096fe end 000096ff length     1 section .text
start 000096ff end 00009700 length     1 section .text
start 00009700 end 00009701 length     1 section .text
start 00009701 end 0000972a length    41 section .text
start 0000972a end 0000972b length     1 section .text
start 0000972b end 0000972c length     1 section .text
start 0000972c end 0000972d length     1 section .text
start 0000972d end 0000972e length     1 section .text
start 0000972e end 0000972f length     1 section .text
start 0000972f end 00009730 length     1 section .text
start 00009730 end 00009731 length     1 section .text

(C:\Program Files (x86)\COSMIC\FSE_Compilers\CXSTM8\lib\libm0.sm8)cmulx.o:
start ******** end ******** length     0 section .text *** removed ***
start 00000778 end 000007a8 length    48 section .info.

(C:\Program Files (x86)\COSMIC\FSE_Compilers\CXSTM8\lib\libm0.sm8)ladd.o:
start ******** end ******** length     0 section .text *** removed ***
start 000007a8 end 000007d7 length    47 section .info.

(C:\Program Files (x86)\COSMIC\FSE_Compilers\CXSTM8\lib\libm0.sm8)lgadd.o:
start ******** end ******** length     0 section .text *** removed ***
start 000007d7 end 00000807 length    48 section .info.

(C:\Program Files (x86)\COSMIC\FSE_Compilers\CXSTM8\lib\libm0.sm8)lreg.o:
start ******** end ******** length     0 section .ubsct *** removed ***
start 00000807 end 00000836 length    47 section .info.

(C:\Program Files (x86)\COSMIC\FSE_Compilers\CXSTM8\lib\libm0.sm8)ltor.o:
start ******** end ******** length     0 section .text *** removed ***
start 00000836 end 00000865 length    47 section .info.

(C:\Program Files (x86)\COSMIC\FSE_Compilers\CXSTM8\lib\libm0.sm8)ludiv.o:
start ******** end ******** length     0 section .text *** removed ***
start 00000865 end 00000895 length    48 section .info.

(C:\Program Files (x86)\COSMIC\FSE_Compilers\CXSTM8\lib\libm0.sm8)ldiv.o:
start ******** end ******** length     0 section .text *** removed ***
start 00000895 end 000008c4 length    47 section .info.

(C:\Program Files (x86)\COSMIC\FSE_Compilers\CXSTM8\lib\libm0.sm8)lgneg.o:
start ******** end ******** length     0 section .text *** removed ***
start 000008c4 end 000008f4 length    48 section .info.

(C:\Program Files (x86)\COSMIC\FSE_Compilers\CXSTM8\lib\libm0.sm8)lneg.o:
start ******** end ******** length     0 section .text *** removed ***
start 000008f4 end 00000923 length    47 section .info.

(C:\Program Files (x86)\COSMIC\FSE_Compilers\CXSTM8\lib\libm0.sm8)rtol.o:
start ******** end ******** length     0 section .text *** removed ***
start 00000923 end 00000952 length    47 section .info.

(C:\Program Files (x86)\COSMIC\FSE_Compilers\CXSTM8\lib\libm0.sm8)umul.o:
start ******** end ******** length     0 section .text *** removed ***
start 00000952 end 00000981 length    47 section .info.

(C:\Program Files (x86)\COSMIC\FSE_Compilers\CXSTM8\lib\libm0.sm8)xreg.o:
start 000000ae end 000000b1 length     3 section .ubsct
start 00000981 end 000009b0 length    47 section .info.

(C:\Program Files (x86)\COSMIC\FSE_Compilers\CXSTM8\lib\libm0.sm8)xymvx.o:
start 00009731 end 00009740 length    15 section .text
start 000009b0 end 000009e0 length    48 section .info.

(C:\Program Files (x86)\COSMIC\FSE_Compilers\CXSTM8\lib\libm0.sm8)yreg.o:
start 000000b1 end 000000b4 length     3 section .ubsct
start 000009e0 end 00000a0f length    47 section .info.

Debug\stm8_interrupt_vector.o:
start 0000bbb2 end 0000bcd8 length   294 section .debug
start 00000a0f end 00000abb length   172 section .info.
start 00008000 end 00008080 length   128 section .const


                             -----------
                             Stack usage
                             -----------

Debug\init.o:
_Check_OPTION_BYTE                     12   (7)
_Init_Clock                             2   (2)
_Init_GPIO                              4   (2)
_RESET_CHIP                             2   (2)
_SYSTimer_Init                          7   (2)

Debug\main.o:
_BTN_USB_send_Loop                     28   (9)
_EVENT_KEY_pressed                      2   (2)
_EVENT_KEY_released                     2   (2)
_USB_Class_DeInit_callback              2   (2)
_USB_Class_Init_callback                7   (3)
_USB_EP0_RxReady_callback              14   (5)
_USB_EP1_RxReady_callback               3   (3)
_USB_Setup_Request_callback            27   (8)
_Write_key_settings                     7   (2)
_main                              >   38   (3)

Debug\peripheral.o:
_Buttons_init                           9   (3)
_Buttons_loop                          12   (6)
_Led_setmode                            9   (4)
_Leds_init                             12   (3)

Debug\stm8s_clk.o:
_CLK_PeripheralClockConfig              4   (4)

Debug\stm8s_flash.o:
_FLASH_Lock                             2   (2)
_FLASH_Unlock                           2   (2)
_FLASH_WaitForLastOperation             5   (5)

Debug\stm8s_gpio.o:
_GPIO_DeInit                            2   (2)
_GPIO_Init                              6   (6)
_GPIO_ReadInputPin                      5   (5)
_GPIO_WriteHigh                         5   (5)
_GPIO_WriteLow                          5   (5)

Debug\stm8s_it.o:
f_ADC1_IRQHandler                  >    6   (6)
f_AWU_IRQHandler                   >    6   (6)
f_CLK_IRQHandler                   >    6   (6)
f_EEPROM_EEC_IRQHandler            >    6   (6)
f_EXTI_PORTA_IRQHandler            >    6   (6)
f_EXTI_PORTB_IRQHandler            >    6   (6)
f_EXTI_PORTC_IRQHandler            >    6   (6)
f_EXTI_PORTD_IRQHandler            >    6   (6)
f_EXTI_PORTE_IRQHandler            >    6   (6)
f_I2C_IRQHandler                   >    6   (6)
f_NonHandledInterrupt              >    6   (6)
f_SPI_IRQHandler                   >    6   (6)
f_TIM1_UPD_OVF_TRG_BRK_IRQHandler  >    6   (6)
f_TIM2_CAP_COM_IRQHandler          >    6   (6)
f_TIM2_UPD_OVF_BRK_IRQHandler      >   14   (12)
f_TIM4_UPD_OVF_IRQHandler          >    6   (6)
f_TLI_IRQHandler                   >    6   (6)
f_TRAP_IRQHandler                  >    6   (6)
f_UART1_RX_IRQHandler              >    6   (6)
f_UART1_TX_IRQHandler              >    6   (6)

Debug\stm8s_tim1.o:
L11_TI4_Config                          6   (6)
L3_TI1_Config                           6   (6)
L5_TI2_Config                           6   (6)
L7_TI3_Config                           6   (6)
_TIM1_ClearFlag                         4   (4)
_TIM1_ICInit                           13   (7)
_TIM1_ITConfig                          4   (4)
_TIM1_SelectInputTrigger                3   (3)
_TIM1_SelectSlaveMode                   3   (3)
_TIM1_SetIC1Prescaler                   3   (3)
_TIM1_SetIC2Prescaler                   3   (3)
_TIM1_SetIC3Prescaler                   3   (3)
_TIM1_SetIC4Prescaler                   3   (3)
_TIM1_TimeBaseInit                      8   (8)

Debug\stm8s_tim2.o:
_TIM2_ClearFlag                         2   (2)
_TIM2_Cmd                               2   (2)
_TIM2_DeInit                            2   (2)
_TIM2_ITConfig                          4   (4)
_TIM2_TimeBaseInit                      5   (5)

Debug\usb.o:
_USB_Init                              15   (2)
_USB_NRZI_RX_Decode                    12   (12)
_USB_Reset                              4   (2)
_USB_Send_Data                         19   (10)
_USB_Send_STALL                         3   (3)
_USB_connect                            7   (2)
_USB_disconnect                         7   (2)
_USB_loop                              35   (8)
_USB_slow_loop                          9   (2)
_usb_calc_crc16                         9   (9)
_usb_rx_ok                         >    8   (4)
_usb_send_nack                          4   (4)

Stack size: 52


                              ---------
                              Call tree
                              ---------
   1 > _ll_usb_rx: (0)

   2 > _main: (3)
   3      + _BTN_USB_send_Loop: (9)
   4      |    + _USB_Send_Data: (10)
   5      |    |    + _USB_Reset: (2)
   6      |    |    |    + _USB_Class_DeInit_callback: (2)
          |    |    | 
   7      |    |    + _USB_disconnect: (2)
   8      |    |    |    + _GPIO_WriteLow: (5)
          |    |    | 
   9      |    |    + _usb_calc_crc16: (9)
          |    | 
          | 
  10      + _Buttons_init: (3)
  11      |    + _GPIO_Init: (6)
          | 
  12      + _Buttons_loop: (6)
  13      |    + _EVENT_KEY_pressed: (2)
  14      |    + _EVENT_KEY_released: (2)
  15      |    + _GPIO_Init --> 11
  16      |    + _GPIO_ReadInputPin: (5)
          | 
  17      + _Check_OPTION_BYTE: (7)
  18      |    + _FLASH_Lock: (2)
  19      |    + _FLASH_Unlock: (2)
  20      |    + _FLASH_WaitForLastOperation: (5)
  21      |    + _RESET_CHIP: (2)
          | 
  22      + _Init_Clock: (2)
  23      + _Init_GPIO: (2)
  24      |    + _GPIO_DeInit: (2)
          | 
  25      + _Leds_init: (3)
  26      |    + _GPIO_Init --> 11
  27      |    + _Led_setmode: (4)
  28      |    |    + _GPIO_WriteHigh: (5)
  29      |    |    + _GPIO_WriteLow --> 8
          |    | 
          | 
  30      + _SYSTimer_Init: (2)
  31      |    + _CLK_PeripheralClockConfig: (4)
  32      |    + _TIM2_ClearFlag: (2)
  33      |    + _TIM2_Cmd: (2)
  34      |    + _TIM2_DeInit: (2)
  35      |    + _TIM2_ITConfig: (4)
  36      |    + _TIM2_TimeBaseInit: (5)
          | 
  37      + _USB_Init: (2)
  38      |    + _CLK_PeripheralClockConfig --> 31
  39      |    + _GPIO_Init --> 11
  40      |    + _TIM1_ClearFlag: (4)
  41      |    + _TIM1_ICInit: (7)
  42      |    |    + L11_TI4_Config: (6)
  43      |    |    + L3_TI1_Config: (6)
  44      |    |    + L5_TI2_Config: (6)
  45      |    |    + L7_TI3_Config: (6)
  46      |    |    + _TIM1_SetIC1Prescaler: (3)
  47      |    |    + _TIM1_SetIC2Prescaler: (3)
  48      |    |    + _TIM1_SetIC3Prescaler: (3)
  49      |    |    + _TIM1_SetIC4Prescaler: (3)
          |    | 
  50      |    + _TIM1_ITConfig: (4)
  51      |    + _TIM1_SelectInputTrigger: (3)
  52      |    + _TIM1_SelectSlaveMode: (3)
  53      |    + _TIM1_TimeBaseInit: (8)
  54      |    + _USB_Reset --> 5
          | 
  55      + _USB_connect: (2)
  56      |    + _GPIO_WriteHigh --> 28
          | 
  57      + _USB_loop: (8)
  58      |    + _USB_Class_DeInit_callback --> 6
  59      |    + _USB_Class_Init_callback: (3)
  60      |    + _USB_EP0_RxReady_callback: (5)
  61      |    |    + _Led_setmode --> 27
          |    | 
  62      |    + _USB_EP1_RxReady_callback: (3)
  63      |    + _USB_NRZI_RX_Decode: (12)
  64      |    + _USB_Reset --> 5
  65      |    + _USB_Send_Data --> 4
  66      |    + _USB_Send_STALL: (3)
  67      |    + _USB_Setup_Request_callback: (8)
  68      |    |    + _USB_Send_Data --> 4
          |    | 
          | 
  69      + _USB_slow_loop: (2)
  70      |    + _FLASH_Unlock --> 19
  71      |    + _USB_Reset --> 5
  72      |    + _USB_connect --> 55
  73      |    + _USB_disconnect --> 7
          | 
  74      + _Write_key_settings: (2)
  75      |    + _FLASH_Lock --> 18
  76      |    + _FLASH_Unlock --> 19
  77      |    + _FLASH_WaitForLastOperation --> 20
          | 
       
  78 > _usb_rx_ok: (4)
  79      + _usb_send_nack: (4)
       
  80 > f_ADC1_IRQHandler: (6)

  81 > f_AWU_IRQHandler: (6)

  82 > f_CLK_IRQHandler: (6)

  83 > f_EEPROM_EEC_IRQHandler: (6)

  84 > f_EXTI_PORTA_IRQHandler: (6)

  85 > f_EXTI_PORTB_IRQHandler: (6)

  86 > f_EXTI_PORTC_IRQHandler: (6)

  87 > f_EXTI_PORTD_IRQHandler: (6)

  88 > f_EXTI_PORTE_IRQHandler: (6)

  89 > f_I2C_IRQHandler: (6)

  90 > f_NonHandledInterrupt: (6)

  91 > f_SPI_IRQHandler: (6)

  92 > f_TIM1_UPD_OVF_TRG_BRK_IRQHandler: (6)

  93 > f_TIM2_CAP_COM_IRQHandler: (6)

  94 > f_TIM2_UPD_OVF_BRK_IRQHandler: (12)
  95      + _TIM2_ClearFlag --> 32
       
  96 > f_TIM4_UPD_OVF_IRQHandler: (6)

  97 > f_TLI_IRQHandler: (6)

  98 > f_TRAP_IRQHandler: (6)

  99 > f_UART1_RX_IRQHandler: (6)

 100 > f_UART1_TX_IRQHandler: (6)

 101   L11_TI4_Config --> 42

 102   L3_TI1_Config --> 43

 103   L5_TI2_Config --> 44

 104   L7_TI3_Config --> 45

 105   _BTN_USB_send_Loop --> 3

 106   _Buttons_init --> 10

 107   _Buttons_loop --> 12

 108   _CLK_PeripheralClockConfig --> 31

 109   _Check_OPTION_BYTE --> 17

 110   _EVENT_KEY_pressed --> 13

 111   _EVENT_KEY_released --> 14

 112   _FLASH_Lock --> 18

 113   _FLASH_Unlock --> 19

 114   _FLASH_WaitForLastOperation --> 20

 115   _GPIO_DeInit --> 24

 116   _GPIO_Init --> 11

 117   _GPIO_ReadInputPin --> 16

 118   _GPIO_WriteHigh --> 28

 119   _GPIO_WriteLow --> 8

 120   _Init_Clock --> 22

 121   _Init_GPIO --> 23

 122   _Led_setmode --> 27

 123   _Leds_init --> 25

 124   _RESET_CHIP --> 21

 125   _SYSTimer_Init --> 30

 126   _TIM1_ClearFlag --> 40

 127   _TIM1_ICInit --> 41

 128   _TIM1_ITConfig --> 50

 129   _TIM1_SelectInputTrigger --> 51

 130   _TIM1_SelectSlaveMode --> 52

 131   _TIM1_SetIC1Prescaler --> 46

 132   _TIM1_SetIC2Prescaler --> 47

 133   _TIM1_SetIC3Prescaler --> 48

 134   _TIM1_SetIC4Prescaler --> 49

 135   _TIM1_TimeBaseInit --> 53

 136   _TIM2_ClearFlag --> 32

 137   _TIM2_Cmd --> 33

 138   _TIM2_DeInit --> 34

 139   _TIM2_ITConfig --> 35

 140   _TIM2_TimeBaseInit --> 36

 141   _USB_Class_DeInit_callback --> 6

 142   _USB_Class_Init_callback --> 59

 143   _USB_EP0_RxReady_callback --> 60

 144   _USB_EP1_RxReady_callback --> 62

 145   _USB_Init --> 37

 146   _USB_NRZI_RX_Decode --> 63

 147   _USB_Reset --> 5

 148   _USB_Send_Data --> 4

 149   _USB_Send_STALL --> 66

 150   _USB_Setup_Request_callback --> 67

 151   _USB_connect --> 55

 152   _USB_disconnect --> 7

 153   _USB_loop --> 57

 154   _USB_slow_loop --> 69

 155   _Write_key_settings --> 74

 156   _usb_calc_crc16 --> 9

 157   _usb_send_nack --> 79



                               -------
                               Symbols
                               -------

_BTN_USB_send_Loop                  0000916b   defined in Debug\main.o section .text
_BUTTON_COL_pin                     00008300   defined in Debug\peripheral.o section .const
_BUTTON_COL_port                    000082f8   defined in Debug\peripheral.o section .const
_BUTTON_ROW_pin                     000082f4   defined in Debug\peripheral.o section .const
_BUTTON_ROW_port                    000082ec   defined in Debug\peripheral.o section .const
_Buttons_init                       00009579   defined in Debug\peripheral.o section .text
                                               used in Debug\main.o
_Buttons_loop                       000095df   defined in Debug\peripheral.o section .text
                                               used in Debug\main.o
_CLKPrescTable                      ********   *** removed from Debug\stm8s_clk.o ***
_CLK_AdjustHSICalibrationValue      ********   *** removed from Debug\stm8s_clk.o ***
_CLK_CCOCmd                         ********   *** removed from Debug\stm8s_clk.o ***
_CLK_CCOConfig                      ********   *** removed from Debug\stm8s_clk.o ***
_CLK_ClearITPendingBit              ********   *** removed from Debug\stm8s_clk.o ***
_CLK_ClockSecuritySystemEnable      ********   *** removed from Debug\stm8s_clk.o ***
_CLK_ClockSwitchCmd                 ********   *** removed from Debug\stm8s_clk.o ***
_CLK_ClockSwitchConfig              ********   *** removed from Debug\stm8s_clk.o ***
_CLK_DeInit                         ********   *** removed from Debug\stm8s_clk.o ***
_CLK_FastHaltWakeUpCmd              ********   *** removed from Debug\stm8s_clk.o ***
_CLK_GetClockFreq                   ********   *** removed from Debug\stm8s_clk.o ***
_CLK_GetFlagStatus                  ********   *** removed from Debug\stm8s_clk.o ***
_CLK_GetITStatus                    ********   *** removed from Debug\stm8s_clk.o ***
_CLK_GetSYSCLKSource                ********   *** removed from Debug\stm8s_clk.o ***
_CLK_HSECmd                         ********   *** removed from Debug\stm8s_clk.o ***
_CLK_HSICmd                         ********   *** removed from Debug\stm8s_clk.o ***
_CLK_HSIPrescalerConfig             ********   *** removed from Debug\stm8s_clk.o ***
_CLK_ITConfig                       ********   *** removed from Debug\stm8s_clk.o ***
_CLK_LSICmd                         ********   *** removed from Debug\stm8s_clk.o ***
_CLK_PeripheralClockConfig          0000836a   defined in Debug\stm8s_clk.o section .text
                                               used in Debug\usb.o Debug\init.o
_CLK_SWIMConfig                     ********   *** removed from Debug\stm8s_clk.o ***
_CLK_SYSCLKConfig                   ********   *** removed from Debug\stm8s_clk.o ***
_CLK_SYSCLKEmergencyClear           ********   *** removed from Debug\stm8s_clk.o ***
_CLK_SlowActiveHaltWakeUpCmd        ********   *** removed from Debug\stm8s_clk.o ***
_Check_OPTION_BYTE                  00008f9e   defined in Debug\init.o section .text
                                               used in Debug\main.o
_EVENT_KEY_pressed                  00009169   defined in Debug\main.o section .text
                                               used in Debug\peripheral.o
_EVENT_KEY_released                 0000916a   defined in Debug\main.o section .text
                                               used in Debug\peripheral.o
_FLASH_DeInit                       ********   *** removed from Debug\stm8s_flash.o ***
_FLASH_EraseBlock                   ********   *** removed from Debug\stm8s_flash.o ***
_FLASH_EraseByte                    ********   *** removed from Debug\stm8s_flash.o ***
_FLASH_EraseOptionByte              ********   *** removed from Debug\stm8s_flash.o ***
_FLASH_GetBootSize                  ********   *** removed from Debug\stm8s_flash.o ***
_FLASH_GetFlagStatus                ********   *** removed from Debug\stm8s_flash.o ***
_FLASH_GetLowPowerMode              ********   *** removed from Debug\stm8s_flash.o ***
_FLASH_GetProgrammingTime           ********   *** removed from Debug\stm8s_flash.o ***
_FLASH_ITConfig                     ********   *** removed from Debug\stm8s_flash.o ***
_FLASH_Lock                         000083da   defined in Debug\stm8s_flash.o section .text
                                               used in Debug\init.o Debug\main.o
_FLASH_ProgramBlock                 ********   *** removed from Debug\stm8s_flash.o ***
_FLASH_ProgramByte                  ********   *** removed from Debug\stm8s_flash.o ***
_FLASH_ProgramOptionByte            ********   *** removed from Debug\stm8s_flash.o ***
_FLASH_ProgramWord                  ********   *** removed from Debug\stm8s_flash.o ***
_FLASH_ReadByte                     ********   *** removed from Debug\stm8s_flash.o ***
_FLASH_ReadOptionByte               ********   *** removed from Debug\stm8s_flash.o ***
_FLASH_SetLowPowerMode              ********   *** removed from Debug\stm8s_flash.o ***
_FLASH_SetProgrammingTime           ********   *** removed from Debug\stm8s_flash.o ***
_FLASH_Unlock                       000083c4   defined in Debug\stm8s_flash.o section .text
                                               used in Debug\usb.o Debug\init.o
                                                       Debug\main.o
_FLASH_WaitForLastOperation         000083e1   defined in Debug\stm8s_flash.o section .text
                                               used in Debug\init.o Debug\main.o
_GPIO_DeInit                        00008405   defined in Debug\stm8s_gpio.o section .text
                                               used in Debug\init.o
_GPIO_ExternalPullUpConfig          ********   *** removed from Debug\stm8s_gpio.o ***
_GPIO_Init                          0000840d   defined in Debug\stm8s_gpio.o section .text
                                               used in Debug\usb.o
                                                       Debug\peripheral.o
_GPIO_ReadInputData                 ********   *** removed from Debug\stm8s_gpio.o ***
_GPIO_ReadInputPin                  00008469   defined in Debug\stm8s_gpio.o section .text
                                               used in Debug\peripheral.o
_GPIO_ReadOutputData                ********   *** removed from Debug\stm8s_gpio.o ***
_GPIO_Write                         ********   *** removed from Debug\stm8s_gpio.o ***
_GPIO_WriteHigh                     0000845e   defined in Debug\stm8s_gpio.o section .text
                                               used in Debug\usb.o
                                                       Debug\peripheral.o
_GPIO_WriteLow                      00008463   defined in Debug\stm8s_gpio.o section .text
                                               used in Debug\usb.o
                                                       Debug\peripheral.o
_GPIO_WriteReverse                  ********   *** removed from Debug\stm8s_gpio.o ***
_HID_Dev                            0000006e   defined in Debug\main.o section .ubsct
_HSIDivFactor                       ********   *** removed from Debug\stm8s_clk.o ***
_Init_Clock                         00008f93   defined in Debug\init.o section .text
                                               used in Debug\main.o
_Init_GPIO                          00008f7b   defined in Debug\init.o section .text
                                               used in Debug\main.o
_LED_pin                            000082e3   defined in Debug\peripheral.o section .const
_LED_port                           000082e6   defined in Debug\peripheral.o section .const
_Led_setmode                        00009539   defined in Debug\peripheral.o section .text
                                               used in Debug\main.o
_Leds_init                          0000950f   defined in Debug\peripheral.o section .text
                                               used in Debug\main.o
_RESET_CHIP                         00008f98   defined in Debug\init.o section .text
_SYSTimer_Init                      0000905a   defined in Debug\init.o section .text
                                               used in Debug\main.o
_String_LangID                      00008273   defined in Debug\usb_desc.o section .const
_String_Product                     0000829d   defined in Debug\usb_desc.o section .const
_String_Serial                      000082cd   defined in Debug\usb_desc.o section .const
_String_Vendor                      00008277   defined in Debug\usb_desc.o section .const
_TIM1_ARRPreloadConfig              ********   *** removed from Debug\stm8s_tim1.o ***
_TIM1_BDTRConfig                    ********   *** removed from Debug\stm8s_tim1.o ***
_TIM1_CCPreloadControl              ********   *** removed from Debug\stm8s_tim1.o ***
_TIM1_CCxCmd                        ********   *** removed from Debug\stm8s_tim1.o ***
_TIM1_CCxNCmd                       ********   *** removed from Debug\stm8s_tim1.o ***
_TIM1_ClearFlag                     00008553   defined in Debug\stm8s_tim1.o section .text
                                               used in Debug\usb.o
_TIM1_ClearITPendingBit             ********   *** removed from Debug\stm8s_tim1.o ***
_TIM1_Cmd                           ********   *** removed from Debug\stm8s_tim1.o ***
_TIM1_CounterModeConfig             ********   *** removed from Debug\stm8s_tim1.o ***
_TIM1_CtrlPWMOutputs                ********   *** removed from Debug\stm8s_tim1.o ***
_TIM1_DeInit                        ********   *** removed from Debug\stm8s_tim1.o ***
_TIM1_ETRClockMode1Config           ********   *** removed from Debug\stm8s_tim1.o ***
_TIM1_ETRClockMode2Config           ********   *** removed from Debug\stm8s_tim1.o ***
_TIM1_ETRConfig                     ********   *** removed from Debug\stm8s_tim1.o ***
_TIM1_EncoderInterfaceConfig        ********   *** removed from Debug\stm8s_tim1.o ***
_TIM1_ForcedOC1Config               ********   *** removed from Debug\stm8s_tim1.o ***
_TIM1_ForcedOC2Config               ********   *** removed from Debug\stm8s_tim1.o ***
_TIM1_ForcedOC3Config               ********   *** removed from Debug\stm8s_tim1.o ***
_TIM1_ForcedOC4Config               ********   *** removed from Debug\stm8s_tim1.o ***
_TIM1_GenerateEvent                 ********   *** removed from Debug\stm8s_tim1.o ***
_TIM1_GetCapture1                   ********   *** removed from Debug\stm8s_tim1.o ***
_TIM1_GetCapture2                   ********   *** removed from Debug\stm8s_tim1.o ***
_TIM1_GetCapture3                   ********   *** removed from Debug\stm8s_tim1.o ***
_TIM1_GetCapture4                   ********   *** removed from Debug\stm8s_tim1.o ***
_TIM1_GetCounter                    ********   *** removed from Debug\stm8s_tim1.o ***
_TIM1_GetFlagStatus                 ********   *** removed from Debug\stm8s_tim1.o ***
_TIM1_GetITStatus                   ********   *** removed from Debug\stm8s_tim1.o ***
_TIM1_GetPrescaler                  ********   *** removed from Debug\stm8s_tim1.o ***
_TIM1_ICInit                        00008490   defined in Debug\stm8s_tim1.o section .text
                                               used in Debug\usb.o
_TIM1_ITConfig                      000084ef   defined in Debug\stm8s_tim1.o section .text
                                               used in Debug\usb.o
_TIM1_InternalClockConfig           ********   *** removed from Debug\stm8s_tim1.o ***
_TIM1_OC1FastConfig                 ********   *** removed from Debug\stm8s_tim1.o ***
_TIM1_OC1Init                       ********   *** removed from Debug\stm8s_tim1.o ***
_TIM1_OC1NPolarityConfig            ********   *** removed from Debug\stm8s_tim1.o ***
_TIM1_OC1PolarityConfig             ********   *** removed from Debug\stm8s_tim1.o ***
_TIM1_OC1PreloadConfig              ********   *** removed from Debug\stm8s_tim1.o ***
_TIM1_OC2FastConfig                 ********   *** removed from Debug\stm8s_tim1.o ***
_TIM1_OC2Init                       ********   *** removed from Debug\stm8s_tim1.o ***
_TIM1_OC2NPolarityConfig            ********   *** removed from Debug\stm8s_tim1.o ***
_TIM1_OC2PolarityConfig             ********   *** removed from Debug\stm8s_tim1.o ***
_TIM1_OC2PreloadConfig              ********   *** removed from Debug\stm8s_tim1.o ***
_TIM1_OC3FastConfig                 ********   *** removed from Debug\stm8s_tim1.o ***
_TIM1_OC3Init                       ********   *** removed from Debug\stm8s_tim1.o ***
_TIM1_OC3NPolarityConfig            ********   *** removed from Debug\stm8s_tim1.o ***
_TIM1_OC3PolarityConfig             ********   *** removed from Debug\stm8s_tim1.o ***
_TIM1_OC3PreloadConfig              ********   *** removed from Debug\stm8s_tim1.o ***
_TIM1_OC4FastConfig                 ********   *** removed from Debug\stm8s_tim1.o ***
_TIM1_OC4Init                       ********   *** removed from Debug\stm8s_tim1.o ***
_TIM1_OC4PolarityConfig             ********   *** removed from Debug\stm8s_tim1.o ***
_TIM1_OC4PreloadConfig              ********   *** removed from Debug\stm8s_tim1.o ***
_TIM1_PWMIConfig                    ********   *** removed from Debug\stm8s_tim1.o ***
_TIM1_PrescalerConfig               ********   *** removed from Debug\stm8s_tim1.o ***
_TIM1_SelectCOM                     ********   *** removed from Debug\stm8s_tim1.o ***
_TIM1_SelectHallSensor              ********   *** removed from Debug\stm8s_tim1.o ***
_TIM1_SelectInputTrigger            00008505   defined in Debug\stm8s_tim1.o section .text
                                               used in Debug\usb.o
_TIM1_SelectMasterSlaveMode         ********   *** removed from Debug\stm8s_tim1.o ***
_TIM1_SelectOCxM                    ********   *** removed from Debug\stm8s_tim1.o ***
_TIM1_SelectOnePulseMode            ********   *** removed from Debug\stm8s_tim1.o ***
_TIM1_SelectOutputTrigger           ********   *** removed from Debug\stm8s_tim1.o ***
_TIM1_SelectSlaveMode               00008512   defined in Debug\stm8s_tim1.o section .text
                                               used in Debug\usb.o
_TIM1_SetAutoreload                 ********   *** removed from Debug\stm8s_tim1.o ***
_TIM1_SetCompare1                   ********   *** removed from Debug\stm8s_tim1.o ***
_TIM1_SetCompare2                   ********   *** removed from Debug\stm8s_tim1.o ***
_TIM1_SetCompare3                   ********   *** removed from Debug\stm8s_tim1.o ***
_TIM1_SetCompare4                   ********   *** removed from Debug\stm8s_tim1.o ***
_TIM1_SetCounter                    ********   *** removed from Debug\stm8s_tim1.o ***
_TIM1_SetIC1Prescaler               0000851f   defined in Debug\stm8s_tim1.o section .text
_TIM1_SetIC2Prescaler               0000852c   defined in Debug\stm8s_tim1.o section .text
_TIM1_SetIC3Prescaler               00008539   defined in Debug\stm8s_tim1.o section .text
_TIM1_SetIC4Prescaler               00008546   defined in Debug\stm8s_tim1.o section .text
_TIM1_TIxExternalClockConfig        ********   *** removed from Debug\stm8s_tim1.o ***
_TIM1_TimeBaseInit                  0000846e   defined in Debug\stm8s_tim1.o section .text
                                               used in Debug\usb.o
_TIM1_UpdateDisableConfig           ********   *** removed from Debug\stm8s_tim1.o ***
_TIM1_UpdateRequestConfig           ********   *** removed from Debug\stm8s_tim1.o ***
_TIM2_ARRPreloadConfig              ********   *** removed from Debug\stm8s_tim2.o ***
_TIM2_CCxCmd                        ********   *** removed from Debug\stm8s_tim2.o ***
_TIM2_ClearFlag                     000086ad   defined in Debug\stm8s_tim2.o section .text
                                               used in Debug\init.o
                                                       Debug\stm8s_it.o
_TIM2_ClearITPendingBit             ********   *** removed from Debug\stm8s_tim2.o ***
_TIM2_Cmd                           0000868a   defined in Debug\stm8s_tim2.o section .text
                                               used in Debug\init.o
_TIM2_DeInit                        00008623   defined in Debug\stm8s_tim2.o section .text
                                               used in Debug\init.o
_TIM2_ForcedOC1Config               ********   *** removed from Debug\stm8s_tim2.o ***
_TIM2_ForcedOC2Config               ********   *** removed from Debug\stm8s_tim2.o ***
_TIM2_ForcedOC3Config               ********   *** removed from Debug\stm8s_tim2.o ***
_TIM2_GenerateEvent                 ********   *** removed from Debug\stm8s_tim2.o ***
_TIM2_GetCapture1                   ********   *** removed from Debug\stm8s_tim2.o ***
_TIM2_GetCapture2                   ********   *** removed from Debug\stm8s_tim2.o ***
_TIM2_GetCapture3                   ********   *** removed from Debug\stm8s_tim2.o ***
_TIM2_GetCounter                    ********   *** removed from Debug\stm8s_tim2.o ***
_TIM2_GetFlagStatus                 ********   *** removed from Debug\stm8s_tim2.o ***
_TIM2_GetITStatus                   ********   *** removed from Debug\stm8s_tim2.o ***
_TIM2_GetPrescaler                  ********   *** removed from Debug\stm8s_tim2.o ***
_TIM2_ICInit                        ********   *** removed from Debug\stm8s_tim2.o ***
_TIM2_ITConfig                      00008697   defined in Debug\stm8s_tim2.o section .text
                                               used in Debug\init.o
_TIM2_OC1Init                       ********   *** removed from Debug\stm8s_tim2.o ***
_TIM2_OC1PolarityConfig             ********   *** removed from Debug\stm8s_tim2.o ***
_TIM2_OC1PreloadConfig              ********   *** removed from Debug\stm8s_tim2.o ***
_TIM2_OC2Init                       ********   *** removed from Debug\stm8s_tim2.o ***
_TIM2_OC2PolarityConfig             ********   *** removed from Debug\stm8s_tim2.o ***
_TIM2_OC2PreloadConfig              ********   *** removed from Debug\stm8s_tim2.o ***
_TIM2_OC3Init                       ********   *** removed from Debug\stm8s_tim2.o ***
_TIM2_OC3PolarityConfig             ********   *** removed from Debug\stm8s_tim2.o ***
_TIM2_OC3PreloadConfig              ********   *** removed from Debug\stm8s_tim2.o ***
_TIM2_PWMIConfig                    ********   *** removed from Debug\stm8s_tim2.o ***
_TIM2_PrescalerConfig               ********   *** removed from Debug\stm8s_tim2.o ***
_TIM2_SelectOCxM                    ********   *** removed from Debug\stm8s_tim2.o ***
_TIM2_SelectOnePulseMode            ********   *** removed from Debug\stm8s_tim2.o ***
_TIM2_SetAutoreload                 ********   *** removed from Debug\stm8s_tim2.o ***
_TIM2_SetCompare1                   ********   *** removed from Debug\stm8s_tim2.o ***
_TIM2_SetCompare2                   ********   *** removed from Debug\stm8s_tim2.o ***
_TIM2_SetCompare3                   ********   *** removed from Debug\stm8s_tim2.o ***
_TIM2_SetCounter                    ********   *** removed from Debug\stm8s_tim2.o ***
_TIM2_SetIC1Prescaler               ********   *** removed from Debug\stm8s_tim2.o ***
_TIM2_SetIC2Prescaler               ********   *** removed from Debug\stm8s_tim2.o ***
_TIM2_SetIC3Prescaler               ********   *** removed from Debug\stm8s_tim2.o ***
_TIM2_TimeBaseInit                  0000867c   defined in Debug\stm8s_tim2.o section .text
                                               used in Debug\init.o
_TIM2_UpdateDisableConfig           ********   *** removed from Debug\stm8s_tim2.o ***
_TIM2_UpdateRequestConfig           ********   *** removed from Debug\stm8s_tim2.o ***
_USB_Class_DeInit_callback          00009381   defined in Debug\main.o section .text
                                               used in Debug\usb.o
_USB_Class_Init_callback            00009339   defined in Debug\main.o section .text
                                               used in Debug\usb.o
_USB_EP0_RxReady_callback           000090c7   defined in Debug\main.o section .text
                                               used in Debug\usb.o
_USB_EP1_RxReady_callback           000094d0   defined in Debug\main.o section .text
                                               used in Debug\usb.o
_USB_HID_descriptor                 000081d5   defined in Debug\usb_desc.o section .const
                                               used in Debug\main.o
_USB_Init                           000086e2   defined in Debug\usb.o section .text
                                               used in Debug\main.o
_USB_NRZI_RX_Decode                 00008ad6   defined in Debug\usb.o section .text
_USB_Reset                          000086b7   defined in Debug\usb.o section .text
_USB_Send_Data                      0000895f   defined in Debug\usb.o section .text
                                               used in Debug\main.o
_USB_Send_STALL                     00008ab9   defined in Debug\usb.o section .text
_USB_Setup_Request_callback         00009383   defined in Debug\main.o section .text
                                               used in Debug\usb.o
_USB_String_Descriptors             00000004   defined in Debug\usb_desc.o section .bsct, initialized
                                               used in Debug\usb.o
_USB_String_Descriptors_Length      000082df   defined in Debug\usb_desc.o section .const
                                               used in Debug\usb.o
_USB_connect                        00008754   defined in Debug\usb.o section .text
                                               used in Debug\main.o
_USB_disconnect                     0000875e   defined in Debug\usb.o section .text
_USB_loop                           00008b58   defined in Debug\usb.o section .text
                                               used in Debug\main.o
_USB_slow_loop                      00008dc0   defined in Debug\usb.o section .text
                                               used in Debug\main.o
_Write_key_settings                 0000907e   defined in Debug\main.o section .text
__endmem                            000001ff   defined in command file
                                               *** not used ***
__endzp                             000000b4   defined in command file section .ubsct
                                               used in C:\Program Files (x86)\COSMIC\FSE_Compilers\CXSTM8\lib\crtsi0.sm8
__idesc__                           00008304   defined in linker section .init
                                               used in C:\Program Files (x86)\COSMIC\FSE_Compilers\CXSTM8\lib\crtsi0.sm8
__memory                            00000100   defined in command file section .bss
                                               used in C:\Program Files (x86)\COSMIC\FSE_Compilers\CXSTM8\lib\crtsi0.sm8
__stack                             000003ff   defined in command file
                                               used in C:\Program Files (x86)\COSMIC\FSE_Compilers\CXSTM8\lib\crtsi0.sm8
__startmem                          00000100   defined in command file section .bss
                                               *** not used ***
__stext                             0000831a   defined in C:\Program Files (x86)\COSMIC\FSE_Compilers\CXSTM8\lib\crtsi0.sm8 section .text
                                               used in Debug\stm8_interrupt_vector.o
__vectab                            00008000   defined in Debug\stm8_interrupt_vector.o section .const
_exit                               00008368   defined in C:\Program Files (x86)\COSMIC\FSE_Compilers\CXSTM8\lib\crtsi0.sm8 section .text
_g_KeyCode                          0000000c   defined in Debug\main.o section .bsct, initialized
_g_LEDS_mode                        00000096   defined in Debug\peripheral.o section .ubsct
_g_buttons                          00000099   defined in Debug\peripheral.o section .ubsct
                                               used in Debug\main.o
_g_systimer_400Hz_flag              00000095   defined in Debug\main.o section .ubsct
                                               used in Debug\stm8s_it.o
_ll_usb_rx                          00008149   defined in Debug\usb_rx.o section .utext
                                               used in Debug\stm8_interrupt_vector.o
_ll_usb_rx_buffer                   0000005e   defined in Debug\usb.o section .ubsct
                                               used in Debug\usb_rx.o
_ll_usb_rx_count                    0000005a   defined in Debug\usb.o section .ubsct
                                               used in Debug\usb_rx.o
_ll_usb_tx                          00008f6d   defined in Debug\usb_tx.o section .text
                                               used in Debug\usb.o
_ll_usb_tx_buffer_pointer           0000005c   defined in Debug\usb.o section .ubsct
                                               used in Debug\usb_tx.o
_ll_usb_tx_count                    0000005b   defined in Debug\usb.o section .ubsct
                                               used in Debug\usb_tx.o
_main                               000094d1   defined in Debug\main.o section .text
                                               used in C:\Program Files (x86)\COSMIC\FSE_Compilers\CXSTM8\lib\crtsi0.sm8
_p_HSI_TRIMING_DONE                 00000002   defined in Debug\usb.o section .bsct, initialized
_p_HSI_TRIM_VAL                     00000000   defined in Debug\usb.o section .bsct, initialized
_usb                                0000000e   defined in Debug\usb.o section .ubsct
_usb_calc_crc16                     000088fe   defined in Debug\usb.o section .text
_usb_configuration_descriptor       000081b3   defined in Debug\usb_desc.o section .const
                                               used in Debug\usb.o
_usb_device_descriptor              000081a1   defined in Debug\usb_desc.o section .const
                                               used in Debug\usb.o
_usb_report_descriptor              000081de   defined in Debug\usb_desc.o section .const
                                               used in Debug\main.o
_usb_rx_ok                          000087b0   defined in Debug\usb.o section .text
                                               used in Debug\usb_rx.o
_usb_send_nack                      00008768   defined in Debug\usb.o section .text
c_cmulx                             ********   *** removed from (C:\Program Files (x86)\COSMIC\FSE_Compilers\CXSTM8\lib\libm0.sm8)cmulx.o ***
c_divsl                             ********   *** removed from (C:\Program Files (x86)\COSMIC\FSE_Compilers\CXSTM8\lib\libm0.sm8)ldiv.o ***
c_divul                             ********   *** removed from (C:\Program Files (x86)\COSMIC\FSE_Compilers\CXSTM8\lib\libm0.sm8)ldiv.o ***
c_ladd                              ********   *** removed from (C:\Program Files (x86)\COSMIC\FSE_Compilers\CXSTM8\lib\libm0.sm8)ladd.o ***
c_lgadd                             ********   *** removed from (C:\Program Files (x86)\COSMIC\FSE_Compilers\CXSTM8\lib\libm0.sm8)lgadd.o ***
c_lgneg                             ********   *** removed from (C:\Program Files (x86)\COSMIC\FSE_Compilers\CXSTM8\lib\libm0.sm8)lgneg.o ***
c_lneg                              ********   *** removed from (C:\Program Files (x86)\COSMIC\FSE_Compilers\CXSTM8\lib\libm0.sm8)lneg.o ***
c_lreg                              ********   *** removed from (C:\Program Files (x86)\COSMIC\FSE_Compilers\CXSTM8\lib\libm0.sm8)lreg.o ***
c_ltor                              ********   *** removed from (C:\Program Files (x86)\COSMIC\FSE_Compilers\CXSTM8\lib\libm0.sm8)ltor.o ***
c_ludv                              ********   *** removed from (C:\Program Files (x86)\COSMIC\FSE_Compilers\CXSTM8\lib\libm0.sm8)ludiv.o ***
c_rtol                              ********   *** removed from (C:\Program Files (x86)\COSMIC\FSE_Compilers\CXSTM8\lib\libm0.sm8)rtol.o ***
c_umul                              ********   *** removed from (C:\Program Files (x86)\COSMIC\FSE_Compilers\CXSTM8\lib\libm0.sm8)umul.o ***
c_x                                 000000ae   defined in (C:\Program Files (x86)\COSMIC\FSE_Compilers\CXSTM8\lib\libm0.sm8)xreg.o section .ubsct
                                               used in C:\Program Files (x86)\COSMIC\FSE_Compilers\CXSTM8\lib\crtsi0.sm8
                                                       Debug\usb.o
                                                       Debug\stm8s_it.o
                                                       (C:\Program Files (x86)\COSMIC\FSE_Compilers\CXSTM8\lib\libm0.sm8)ldiv.o
                                                       (C:\Program Files (x86)\COSMIC\FSE_Compilers\CXSTM8\lib\libm0.sm8)umul.o
                                                       (C:\Program Files (x86)\COSMIC\FSE_Compilers\CXSTM8\lib\libm0.sm8)xymvx.o
c_xymvx                             00009731   defined in (C:\Program Files (x86)\COSMIC\FSE_Compilers\CXSTM8\lib\libm0.sm8)xymvx.o section .text
                                               used in Debug\main.o
c_y                                 000000b1   defined in (C:\Program Files (x86)\COSMIC\FSE_Compilers\CXSTM8\lib\libm0.sm8)yreg.o section .ubsct
                                               used in C:\Program Files (x86)\COSMIC\FSE_Compilers\CXSTM8\lib\crtsi0.sm8
                                                       Debug\stm8s_it.o
                                                       (C:\Program Files (x86)\COSMIC\FSE_Compilers\CXSTM8\lib\libm0.sm8)umul.o
f_ADC1_IRQHandler                   0000972e   defined in Debug\stm8s_it.o section .text
                                               used in Debug\stm8_interrupt_vector.o
f_AWU_IRQHandler                    000096f8   defined in Debug\stm8s_it.o section .text
                                               used in Debug\stm8_interrupt_vector.o
f_CLK_IRQHandler                    000096f9   defined in Debug\stm8s_it.o section .text
                                               used in Debug\stm8_interrupt_vector.o
f_EEPROM_EEC_IRQHandler             00009730   defined in Debug\stm8s_it.o section .text
                                               used in Debug\stm8_interrupt_vector.o
f_EXTI_PORTA_IRQHandler             000096fa   defined in Debug\stm8s_it.o section .text
                                               used in Debug\stm8_interrupt_vector.o
f_EXTI_PORTB_IRQHandler             000096fb   defined in Debug\stm8s_it.o section .text
                                               used in Debug\stm8_interrupt_vector.o
f_EXTI_PORTC_IRQHandler             000096fc   defined in Debug\stm8s_it.o section .text
                                               used in Debug\stm8_interrupt_vector.o
f_EXTI_PORTD_IRQHandler             000096fd   defined in Debug\stm8s_it.o section .text
                                               used in Debug\stm8_interrupt_vector.o
f_EXTI_PORTE_IRQHandler             000096fe   defined in Debug\stm8s_it.o section .text
                                               used in Debug\stm8_interrupt_vector.o
f_I2C_IRQHandler                    0000972d   defined in Debug\stm8s_it.o section .text
                                               used in Debug\stm8_interrupt_vector.o
f_NonHandledInterrupt               000096f5   defined in Debug\stm8s_it.o section .text
                                               used in Debug\stm8_interrupt_vector.o
f_SPI_IRQHandler                    000096ff   defined in Debug\stm8s_it.o section .text
                                               used in Debug\stm8_interrupt_vector.o
f_TIM1_UPD_OVF_TRG_BRK_IRQHandler   00009700   defined in Debug\stm8s_it.o section .text
                                               used in Debug\stm8_interrupt_vector.o
f_TIM2_CAP_COM_IRQHandler           0000972a   defined in Debug\stm8s_it.o section .text
                                               used in Debug\stm8_interrupt_vector.o
f_TIM2_UPD_OVF_BRK_IRQHandler       00009701   defined in Debug\stm8s_it.o section .text
                                               used in Debug\stm8_interrupt_vector.o
f_TIM4_UPD_OVF_IRQHandler           0000972f   defined in Debug\stm8s_it.o section .text
                                               used in Debug\stm8_interrupt_vector.o
f_TLI_IRQHandler                    000096f7   defined in Debug\stm8s_it.o section .text
                                               used in Debug\stm8_interrupt_vector.o
f_TRAP_IRQHandler                   000096f6   defined in Debug\stm8s_it.o section .text
                                               used in Debug\stm8_interrupt_vector.o
f_UART1_RX_IRQHandler               0000972c   defined in Debug\stm8s_it.o section .text
                                               used in Debug\stm8_interrupt_vector.o
f_UART1_TX_IRQHandler               0000972b   defined in Debug\stm8s_it.o section .text
                                               used in Debug\stm8_interrupt_vector.o
